// Jest Snapshot v1, https://goo.gl/fbAQLP

exports[`<TagsBox /> renders snapshot of TagsBox 1`] = `<div />`;
