// Jest Snapshot v1, https://goo.gl/fbAQLP

exports[`Admin-site <BlogPosts /> renders snapshot of BlogPosts 1`] = `
<Provider
  store={
    Object {
      "clearActions": [Function],
      "dispatch": [Function],
      "getActions": [Function],
      "getState": [Function],
      "replaceReducer": [Function],
      "subscribe": [Function],
    }
  }
>
  <BlogPosts
    location={
      Object {
        "pathname": "/admin/profile",
      }
    }
  />
</Provider>
`;
