// Jest Snapshot v1, https://goo.gl/fbAQLP

exports[`Admin-site <ProfileFormContainer /> renders snapshot of ProfileFormContainer 1`] = `
<ContextConsumer>
  <Component />
</ContextConsumer>
`;
