// Jest Snapshot v1, https://goo.gl/fbAQLP

exports[`<Main /> renders snapshot of Main 1`] = `
<div>
  <Connect(Header)
    homePage={false}
  />
  <MobileFooter />
</div>
`;
