// Jest Snapshot v1, https://goo.gl/fbAQLP

exports[`<Main /> renders snapshot of map-view/Main 1`] = `
<p>
  There is no locations
</p>
`;
